uv : No pyvenv.cfg file
位於 線路:1 字元:1
+ uv run python tests/aup_test_standalone.py > test_output.log 2>&1
+ ~~~~~~~~~~~~~~~~~~~~~~~~~~~~~~~~~~~~~~~~~~~~~~~~~~~~~~~~~~~~~~~~~
    + CategoryInfo          : NotSpecified: (No pyvenv.cfg file:String) [], RemoteException
    + FullyQualifiedErrorId : NativeCommandError
 
