cargo :     Checking erp-backend v0.1.0 (C:\System Coding\ipig_
system\backend)
位於 線路:1 字元:1
+ cargo check --workspace > build_errors.txt 2>&1
+ ~~~~~~~~~~~~~~~~~~~~~~~~~~~~~~~~~~~~~~~~~~~~~~~
    + CategoryInfo          : NotSpecified: (    Checking er.. 
   .system\backend):String) [], RemoteException
    + FullyQualifiedErrorId : NativeCommandError
 
error[E0432]: unresolved import `crate::services::AnimalSourceS
ervice`
  --> src\handlers\animal\source.rs:14:5
   |
14 |     services::AnimalSourceService,
   |     ^^^^^^^^^^-------------------
   |     |         |
   |     |         help: a similar name exists in the module: `
AnimalSurgeryService`
   |     no `AnimalSourceService` in `services`
   |
note: struct `crate::services::animal::AnimalSourceService` exi
sts but is inaccessible
  --> src\services\animal\source.rs:9:1
   |
 9 | pub struct AnimalSourceService;
   | ^^^^^^^^^^^^^^^^^^^^^^^^^^^^^^^ not accessible

error[E0432]: unresolved import `crate::services::AnimalImportE
xportService`
  --> src\handlers\animal\import_export.rs:17:9
   |
17 |         AnimalImportExportService, AnimalMedicalService, A
nimalService, AuditService, PdfService,
   |         ^^^^^^^^^^^^^^^^^^^^^^^^^ no `AnimalImportExportSe
rvice` in `services`
   |
note: struct `crate::services::animal::AnimalImportExportServic
e` exists but is inaccessible
  --> src\services\animal\import_export.rs:16:1
   |
16 | pub struct AnimalImportExportService;
   | ^^^^^^^^^^^^^^^^^^^^^^^^^^^^^^^^^^^^^ not accessible

error[E0432]: unresolved import `crate::services::AnimalBloodTe
stService`
  --> src\handlers\animal\blood_test.rs:20:16
   |
20 |     services::{AnimalBloodTestService, AnimalService, Audi
tService},
   |                ^^^^^^^^^^^^^^^^^^^^^^ no `AnimalBloodTestS
ervice` in `services`
   |
note: struct `crate::services::animal::AnimalBloodTestService` 
exists but is inaccessible
  --> src\services\animal\blood_test.rs:18:1
   |
18 | pub struct AnimalBloodTestService;
   | ^^^^^^^^^^^^^^^^^^^^^^^^^^^^^^^^^^ not accessible

error[E0432]: unresolved import `crate::services::AnimalTransfe
rService`
  --> src\handlers\animal\transfer.rs:16:31
   |
16 |     services::{AnimalService, AnimalTransferService, Audit
Service},
   |                               ^^^^^^^^^^^^^^^^^^^^^
   |                               |
   |                               no `AnimalTransferService` i
n `services`
   |                               help: a similar name exists 
in the module: `AnimalSurgeryService`
   |
note: struct `crate::services::animal::AnimalTransferService` e
xists but is inaccessible
  --> src\services\animal\transfer.rs:15:1
   |
15 | pub struct AnimalTransferService;
   | ^^^^^^^^^^^^^^^^^^^^^^^^^^^^^^^^^ not accessible

error: cannot find macro `require_permission` in this scope
  --> src\handlers\animal\sacrifice_pathology.rs:39:5
   |
39 |     require_permission!(current_user, "animal.record.creat
e");
   |     ^^^^^^^^^^^^^^^^^^
   |
   = help: have you added the `#[macro_use]` on the module/impo
rt?
help: consider importing this macro through its public re-expor
t
   |
 3 + use crate::require_permission;
   |

error: cannot find macro `require_permission` in this scope
   --> src\handlers\animal\sacrifice_pathology.rs:125:5
    |
125 |     require_permission!(current_user, "animal.pathology.v
iew");
    |     ^^^^^^^^^^^^^^^^^^
    |
    = help: have you added the `#[macro_use]` on the module/imp
ort?
help: consider importing this macro through its public re-expor
t
    |
  3 + use crate::require_permission;
    |

error: cannot find macro `require_permission` in this scope
   --> src\handlers\animal\sacrifice_pathology.rs:138:5
    |
138 |     require_permission!(current_user, "animal.pathology.u
pload");
    |     ^^^^^^^^^^^^^^^^^^
    |
    = help: have you added the `#[macro_use]` on the module/imp
ort?
help: consider importing this macro through its public re-expor
t
    |
  3 + use crate::require_permission;
    |

error: cannot find macro `require_permission` in this scope
  --> src\handlers\animal\vet_recommendation.rs:29:5
   |
29 |     require_permission!(current_user, "animal.vet.recommen
d");
   |     ^^^^^^^^^^^^^^^^^^
   |
   = help: have you added the `#[macro_use]` on the module/impo
rt?
help: consider importing this macro through its public re-expor
t
   |
 3 + use crate::require_permission;
   |

error: cannot find macro `require_permission` in this scope
  --> src\handlers\animal\vet_recommendation.rs:85:5
   |
85 |     require_permission!(current_user, "animal.vet.recommen
d");
   |     ^^^^^^^^^^^^^^^^^^
   |
   = help: have you added the `#[macro_use]` on the module/impo
rt?
help: consider importing this macro through its public re-expor
t
   |
 3 + use crate::require_permission;
   |

error: cannot find macro `require_permission` in this scope
   --> src\handlers\animal\vet_recommendation.rs:140:5
    |
140 |     require_permission!(current_user, "animal.vet.recomme
nd");
    |     ^^^^^^^^^^^^^^^^^^
    |
    = help: have you added the `#[macro_use]` on the module/imp
ort?
help: consider importing this macro through its public re-expor
t
    |
  3 + use crate::require_permission;
    |

error: cannot find macro `require_permission` in this scope
   --> src\handlers\animal\vet_recommendation.rs:141:5
    |
141 |     require_permission!(current_user, "animal.vet.upload_
attachment");
    |     ^^^^^^^^^^^^^^^^^^
    |
    = help: have you added the `#[macro_use]` on the module/imp
ort?
help: consider importing this macro through its public re-expor
t
    |
  3 + use crate::require_permission;
    |

error: cannot find macro `require_permission` in this scope
   --> src\handlers\animal\vet_recommendation.rs:196:5
    |
196 |     require_permission!(current_user, "animal.vet.recomme
nd");
    |     ^^^^^^^^^^^^^^^^^^
    |
    = help: have you added the `#[macro_use]` on the module/imp
ort?
help: consider importing this macro through its public re-expor
t
    |
  3 + use crate::require_permission;
    |

error: cannot find macro `require_permission` in this scope
   --> src\handlers\animal\vet_recommendation.rs:197:5
    |
197 |     require_permission!(current_user, "animal.vet.upload_
attachment");
    |     ^^^^^^^^^^^^^^^^^^
    |
    = help: have you added the `#[macro_use]` on the module/imp
ort?
help: consider importing this macro through its public re-expor
t
    |
  3 + use crate::require_permission;
    |

error: cannot find macro `require_permission` in this scope
  --> src\handlers\animal\sudden_death.rs:33:5
   |
33 |     require_permission!(current_user, "animal.record.creat
e");
   |     ^^^^^^^^^^^^^^^^^^
   |
   = help: have you added the `#[macro_use]` on the module/impo
rt?
help: consider importing this macro through its public re-expor
t
   |
 3 + use crate::require_permission;
   |

warning: unused import: `AnimalService`
  --> src\handlers\animal\vet_recommendation.rs:16:38
   |
16 |     services::{AnimalMedicalService, AnimalService, AuditS
ervice},
   |                                      ^^^^^^^^^^^^^
   |
   = note: `#[warn(unused_imports)]` (part of `#[warn(unused)]`
) on by default

warning: unused import: `AnimalService`
  --> src\handlers\animal\blood_test.rs:20:40
   |
20 |     services::{AnimalBloodTestService, AnimalService, Audi
tService},
   |                                        ^^^^^^^^^^^^^
   |
help: if this is a test module, consider adding a `#[cfg(test)]
` to the containing module
  --> src\handlers\animal\mod.rs:13:1
   |
13 | mod blood_test;
   | ^^^^^^^^^^^^^^^

warning: unused import: `super::AnimalService`
  --> src\services\animal\blood_test.rs:5:5
   |
 5 | use super::AnimalService;
   |     ^^^^^^^^^^^^^^^^^^^^
   |
help: if this is a test module, consider adding a `#[cfg(test)]
` to the containing module
  --> src\services\animal\mod.rs:13:1
   |
13 | mod blood_test;
   | ^^^^^^^^^^^^^^^

warning: unused import: `AnimalService`
 --> src\services\animal\import_export.rs:6:55
  |
6 | use super::{utils::AnimalUtils, AnimalMedicalService, Anima
lService, AnimalWeightService};
  |                                                       ^^^^^
^^^^^^^^

warning: unused import: `AnimalService`
 --> src\services\animal\observation.rs:5:35
  |
5 | use super::{AnimalMedicalService, AnimalService};
  |                                   ^^^^^^^^^^^^^

warning: unused import: `AnimalService`
 --> src\services\animal\surgery.rs:5:35
  |
5 | use super::{AnimalMedicalService, AnimalService};
  |                                   ^^^^^^^^^^^^^

warning: unused import: `blood_test::AnimalBloodTestService`
  --> src\services\animal\mod.rs:26:9
   |
26 | pub use blood_test::AnimalBloodTestService;
   |         ^^^^^^^^^^^^^^^^^^^^^^^^^^^^^^^^^^

warning: unused import: `care_record::CareRecordService`
  --> src\services\animal\mod.rs:27:9
   |
27 | pub use care_record::CareRecordService;
   |         ^^^^^^^^^^^^^^^^^^^^^^^^^^^^^^

warning: unused import: `field_correction::AnimalFieldCorrectio
nService`
  --> src\services\animal\mod.rs:28:9
   |
28 | pub use field_correction::AnimalFieldCorrectionService;
   |         ^^^^^^^^^^^^^^^^^^^^^^^^^^^^^^^^^^^^^^^^^^^^^^

warning: unused import: `import_export::AnimalImportExportServi
ce`
  --> src\services\animal\mod.rs:29:9
   |
29 | pub use import_export::AnimalImportExportService;
   |         ^^^^^^^^^^^^^^^^^^^^^^^^^^^^^^^^^^^^^^^^

warning: unused import: `source::AnimalSourceService`
  --> src\services\animal\mod.rs:32:9
   |
32 | pub use source::AnimalSourceService;
   |         ^^^^^^^^^^^^^^^^^^^^^^^^^^^

warning: unused import: `transfer::AnimalTransferService`
  --> src\services\animal\mod.rs:34:9
   |
34 | pub use transfer::AnimalTransferService;
   |         ^^^^^^^^^^^^^^^^^^^^^^^^^^^^^^^

error[E0599]: no function or associated item named `mark_vet_re
ad` found for struct `AnimalService` in the current scope
   --> src\handlers\animal\animal_core.rs:391:20
    |
391 |     AnimalService::mark_vet_read(&state.db, id).await?;
    |                    ^^^^^^^^^^^^^ function or associated i
tem not found in `AnimalService`
    |
   ::: src\services\animal\mod.rs:37:1
    |
 37 | pub struct AnimalService;
    | ------------------------ function or associated item `mar
k_vet_read` not found for this struct

error[E0599]: no function or associated item named `get_record_
versions` found for struct `AnimalService` in the current scope
   --> src\handlers\animal\observation.rs:320:35
    |
320 |     let versions = AnimalService::get_record_versions(&st
ate.db, "observation", id).await?;
    |                                   ^^^^^^^^^^^^^^^^^^^ fun
ction or associated item not found in `AnimalService`
    |
   ::: src\services\animal\mod.rs:37:1
    |
 37 | pub struct AnimalService;
    | ------------------------ function or associated item `get
_record_versions` not found for this struct

error[E0599]: no function or associated item named `get_record_
versions` found for struct `AnimalService` in the current scope
   --> src\handlers\animal\surgery.rs:203:35
    |
203 |     let versions = AnimalService::get_record_versions(&st
ate.db, "surgery", id).await?;
    |                                   ^^^^^^^^^^^^^^^^^^^ fun
ction or associated item not found in `AnimalService`
    |
   ::: src\services\animal\mod.rs:37:1
    |
 37 | pub struct AnimalService;
    | ------------------------ function or associated item `get
_record_versions` not found for this struct

error[E0599]: no method named `validate` found for struct `requ
ests::CreateVaccinationRequest` in the current scope
   --> src\handlers\animal\weight_vaccination.rs:179:9
    |
179 |     req.validate()?;
    |         ^^^^^^^^ method not found in `requests::CreateVac
cinationRequest`
    |
   ::: src\models\animal\requests.rs:169:1
    |
169 | pub struct CreateVaccinationRequest {
    | ----------------------------------- method `validate` not
 found for this struct
    |
    = help: items from traits can only be used if the trait is 
implemented and in scope
    = note: the following traits define an item `validate`, per
haps you need to implement one of them:
            candidate #1: `ConditionalFormat`
            candidate #2: `Validate`
            candidate #3: `chumsky::Parser`
            candidate #4: `webpki::verify_cert::ExtendedKeyUsag
eValidator`

error[E0599]: no function or associated item named `create` fou
nd for struct `AnimalImportExportService` in the current scope
   --> src\services\animal\import_export.rs:466:25
    |
 16 | pub struct AnimalImportExportService;
    | ------------------------------------ function or associat
ed item `create` not found for this struct
...
466 |             match Self::create(pool, &create_req, created
_by).await {
    |                         ^^^^^^ function or associated ite
m not found in `AnimalImportExportService`
    |
    = help: items from traits can only be used if the trait is 
implemented and in scope
    = note: the following traits define an item `create`, perha
ps you need to implement one of them:
            candidate #1: `curve25519_dalek::traits::BasepointT
able`
            candidate #2: `regex_syntax::hir::interval::Interva
l`

error[E0599]: no function or associated item named `update` fou
nd for struct `AnimalImportExportService` in the current scope
   --> src\services\animal\import_export.rs:471:51
    |
 16 | pub struct AnimalImportExportService;
    | ------------------------------------ function or associat
ed item `update` not found for this struct
...
471 |                             if let Err(e) = Self::update(
    |                                                   ^^^^^^ 
function or associated item not found in `AnimalImportExportSer
vice`
    |
    = help: items from traits can only be used if the trait is 
implemented and in scope
    = note: the following traits define an item `update`, perha
ps you need to implement one of them:
            candidate #1: `DynDigest`
            candidate #2: `Update`
            candidate #3: `hkdf::sealed::Sealed`
            candidate #4: `hmac::Mac`
            candidate #5: `rustls::crypto::hash::Context`
            candidate #6: `sha2::Digest`

error[E0592]: duplicate definitions with name `list_import_batc
hes`
   --> src\services\animal\medical.rs:654:5
    |
516 |       pub async fn list_import_batches(pool: &PgPool, lim
it: i32) -> Result<Vec<AnimalImportBatch>> {
    |       ---------------------------------------------------
------------------------------------------ other definition for
 `list_import_batches`
...
654 | /     pub async fn list_import_batches(
655 | |         pool: &PgPool,
656 | |         limit: i64,
657 | |     ) -> Result<Vec<crate::models::AnimalImportBatch>> 
{
    | |______________________________________________________^ 
duplicate definitions for `list_import_batches`

Some errors have detailed explanations: E0432, E0592, E0599.
For more information about an error, try `rustc --explain E0432
`.
warning: `erp-backend` (lib) generated 12 warnings
error: could not compile `erp-backend` (lib) due to 21 previous
 errors; 12 warnings emitted
