docker :     Updating crates.io index
位於 線路:1 字元:1
+ docker run --rm --network ipig_system_default -v "${
PWD}:/app" -w /ap ...
+ ~~~~~~~~~~~~~~~~~~~~~~~~~~~~~~~~~~~~~~~~~~~~~~~~~~~~
~~~~~~~~~~~~~~~~~
    + CategoryInfo          : NotSpecified: (    Upda 
   ting crates.io index:String) [], RemoteException
    + FullyQualifiedErrorId : NativeCommandError
 
 Downloading crates ...
  Downloaded adler2 v2.0.1
  Downloaded generic-array v0.14.7
  Downloaded cfg_aliases v0.2.1
  Downloaded block-buffer v0.10.4
  Downloaded bytecheck_derive v0.6.12
  Downloaded crc-catalog v2.4.0
  Downloaded crypto-common v0.1.7
  Downloaded bytecheck v0.6.12
  Downloaded codepage v0.1.2
  Downloaded equivalent v1.0.2
  Downloaded errno v0.3.14
  Downloaded fastrand v2.3.0
  Downloaded http-body v1.0.1
  Downloaded foreign-types-shared v0.1.1
  Downloaded crossbeam-queue v0.3.12
  Downloaded funty v2.0.0
  Downloaded hostname v0.4.2
  Downloaded headers-core v0.3.0
  Downloaded fnv v1.0.7
  Downloaded futures-core v0.3.31
  Downloaded form_urlencoded v1.2.2
  Downloaded atomic-waker v1.1.2
  Downloaded cfg-if v1.0.4
  Downloaded cpufeatures v0.2.17
  Downloaded atoi v2.0.0
  Downloaded home v0.5.12
  Downloaded md5 v0.7.0
  Downloaded md-5 v0.10.6
  Downloaded itoa v1.0.17
  Downloaded matchers v0.2.0
  Downloaded mime v0.3.17
  Downloaded lru-slab v0.1.2
  Downloaded hex v0.4.3
  Downloaded crc v3.4.0
  Downloaded heck v0.5.0
  Downloaded futures-io v0.3.31
  Downloaded httpdate v1.0.3
  Downloaded rend v0.4.2
  Downloaded ar_archive_writer v0.2.0
  Downloaded axum-core v0.4.5
  Downloaded futures-task v0.3.31
  Downloaded displaydoc v0.2.5
  Downloaded deranged v0.5.5
  Downloaded autocfg v1.5.0
  Downloaded openssl-probe v0.1.6
  Downloaded num-iter v0.1.45
  Downloaded openssl-macros v0.1.1
  Downloaded num-conv v0.1.0
  Downloaded futures-sink v0.3.31
  Downloaded csv-core v0.1.13
  Downloaded http-body-util v0.1.3
  Downloaded hashlink v0.10.0
  Downloaded foldhash v0.1.5
  Downloaded email_address v0.2.9
  Downloaded email-encoding v0.4.1
  Downloaded foreign-types v0.3.2
  Downloaded dotenvy v0.15.7
  Downloaded potential_utf v0.1.4
  Downloaded proc-macro-error-attr v1.0.4
  Downloaded pin-utils v0.1.0
  Downloaded digest v0.10.7
  Downloaded parking v2.2.1
  Downloaded argon2 v0.5.3
  Downloaded powerfmt v0.2.0
  Downloaded proc-macro-crate v3.4.0
  Downloaded ptr_meta_derive v0.1.4
  Downloaded rand_chacha v0.3.1
  Downloaded quoted_printable v0.5.1
  Downloaded futures-executor v0.3.31
  Downloaded rust-embed-utils v8.9.0
  Downloaded async-trait v0.1.89
  Downloaded borsh-derive v1.6.0
  Downloaded hmac v0.12.1
  Downloaded futures-channel v0.3.31
  Downloaded ahash v0.8.12
  Downloaded crc32fast v1.5.0
  Downloaded either v1.15.0
  Downloaded blake2 v0.10.6
  Downloaded if_chain v1.0.3
  Downloaded rkyv_derive v0.7.46
  Downloaded rustc-hash v2.1.1
  Downloaded hyper-tls v0.6.0
  Downloaded scopeguard v1.2.0
  Downloaded linked-hash-map v0.5.6
  Downloaded base64ct v1.8.2
  Downloaded ahash v0.7.8
  Downloaded axum-macros v0.4.2
  Downloaded event-listener v5.4.1
  Downloaded const-oid v0.9.6
  Downloaded arrayvec v0.7.6
  Downloaded getrandom v0.2.16
  Downloaded bitflags v2.10.0
  Downloaded rust-embed-impl v8.9.0
  Downloaded idna_adapter v1.2.1
  Downloaded find-msvc-tools v0.1.6
  Downloaded ptr_meta v0.1.4
  Downloaded cron v0.12.1
  Downloaded concurrent-queue v2.5.0
  Downloaded byteorder v1.5.0
  Downloaded axum-extra v0.9.6
  Downloaded getrandom v0.3.4
  Downloaded crossbeam-utils v0.8.21
  Downloaded same-file v1.0.6
  Downloaded radium v0.7.0
  Downloaded rustversion v1.0.22
  Downloaded flume v0.11.1
  Downloaded calamine v0.24.0
  Downloaded sha1 v0.10.6
  Downloaded bytes v1.11.0
  Downloaded seahash v4.1.0
  Downloaded anyhow v1.0.100
  Downloaded rustls-pki-types v1.14.0
  Downloaded allocator-api2 v0.2.21
  Downloaded der v0.7.10
  Downloaded bumpalo v3.19.1
  Downloaded signature v2.2.0
  Downloaded base64 v0.22.1
  Downloaded cc v1.2.51
  Downloaded borsh v1.6.0
  Downloaded chumsky v0.9.3
  Downloaded quote v1.0.43
  Downloaded sqlx-macros v0.8.6
  Downloaded signal-hook-registry v1.4.8
  Downloaded ryu v1.0.22
  Downloaded http v1.4.0
  Downloaded simd-adler32 v0.3.8
  Downloaded serde_core v1.0.228
  Downloaded simdutf8 v0.1.5
  Downloaded sync_wrapper v1.0.2
  Downloaded pem v3.0.6
  Downloaded simple_asn1 v0.6.3
  Downloaded stable_deref_trait v1.2.1
  Downloaded serde_derive v1.0.228
  Downloaded spki v0.7.3
  Downloaded ppv-lite86 v0.2.21
  Downloaded stringprep v0.1.5
  Downloaded subtle v2.6.1
  Downloaded spin v0.9.8
  Downloaded hashbrown v0.16.1
  Downloaded socket2 v0.6.1
  Downloaded tinyvec_macros v0.1.1
  Downloaded time-core v0.1.6
  Downloaded futures-util v0.3.31
  Downloaded tower-layer v0.3.3
  Downloaded regex v1.12.2
  Downloaded try-lock v0.2.5
  Downloaded axum v0.7.9
  Downloaded toml_datetime v0.7.5+spec-1.1.0
  Downloaded tokio-native-tls v0.3.1
  Downloaded rand_core v0.6.4
  Downloaded untrusted v0.9.0
  Downloaded thread_local v1.1.9
  Downloaded rand_chacha v0.9.0
  Downloaded rustls-webpki v0.103.9
  Downloaded tower-service v0.3.3
  Downloaded reqwest v0.12.28
  Downloaded proc-macro-error v1.0.4
  Downloaded thiserror-impl v1.0.69
  Downloaded rkyv v0.7.46
  Downloaded utf8_iter v1.0.4
  Downloaded unicase v2.9.0
  Downloaded toml_parser v1.0.6+spec-1.1.0
  Downloaded tokio-rustls v0.26.4
  Downloaded serde v1.0.228
  Downloaded unicode-ident v1.0.22
  Downloaded rand_core v0.9.5
  Downloaded hkdf v0.12.4
  Downloaded h2 v0.4.13
  Downloaded version_check v0.9.5
  Downloaded unicode-properties v0.1.4
  Downloaded lazy_static v1.5.0
  Downloaded validator_types v0.16.0
  Downloaded want v0.3.1
  Downloaded psm v0.1.28
  Downloaded percent-encoding v2.3.2
  Downloaded tracing-attributes v0.1.31
  Downloaded unicode-bidi v0.3.18
  Downloaded tracing-core v0.1.36
  Downloaded aho-corasick v1.1.4
  Downloaded ipnet v2.11.0
  Downloaded password-hash v0.5.0
  Downloaded matchit v0.7.3
  Downloaded lock_api v0.4.14
  Downloaded hashbrown v0.15.5
  Downloaded hashbrown v0.14.5
  Downloaded stacker v0.1.22
  Downloaded smallvec v1.15.1
  Downloaded slab v0.4.11
  Downloaded rsa v0.9.10
  Downloaded pem-rfc7468 v0.7.0
  Downloaded writeable v0.6.2
  Downloaded pkg-config v0.3.32
  Downloaded flate2 v1.1.5
  Downloaded validator_derive v0.16.0
  Downloaded num-integer v0.1.46
  Downloaded futures-intrusive v0.5.0
  Downloaded hashbrown v0.12.3
  Downloaded headers v0.4.1
  Downloaded walkdir v2.5.0
  Downloaded whoami v1.6.1
  Downloaded bitvec v1.0.1
  Downloaded wyz v0.5.1
  Downloaded weezl v0.1.12
  Downloaded utoipa v4.2.3
  Downloaded zerofrom v0.1.6
  Downloaded rust_decimal v1.39.0
  Downloaded sqlx-mysql v0.8.6
  Downloaded zerofrom-derive v0.1.6
  Downloaded sqlx-sqlite v0.8.6
  Downloaded mime_guess v2.0.5
  Downloaded yoke v0.8.1
  Downloaded zeroize v1.8.2
  Downloaded serde_json v1.0.149
  Downloaded multer v3.1.0
  Downloaded native-tls v0.2.14
  Downloaded chrono v0.4.42
  Downloaded toml_edit v0.23.10+spec-1.0.0
  Downloaded nu-ansi-term v0.50.3
  Downloaded zmij v1.0.12
  Downloaded zopfli v0.8.3
  Downloaded tap v1.0.1
  Downloaded url v2.5.8
  Downloaded sqlx-postgres v0.8.6
  Downloaded tower-http v0.5.2
  Downloaded sha2 v0.10.9
  Downloaded bstr v1.12.1
  Downloaded tower v0.5.2
  Downloaded tower v0.4.13
  Downloaded tower-http v0.6.8
  Downloaded unicode-normalization v0.1.25
  Downloaded ttf-parser v0.19.2
  Downloaded tracing-serde v0.2.0
  Downloaded tokio-util v0.7.18
  Downloaded syn v1.0.109
  Downloaded utoipa-gen v4.3.1
  Downloaded tracing-subscriber v0.3.22
  Downloaded validator v0.16.1
  Downloaded synstructure v0.13.2
  Downloaded sqlx-macros-core v0.8.6
  Downloaded shlex v1.3.0
  Downloaded zerotrie v0.2.3
  Downloaded num-derive v0.4.2
  Downloaded zip v0.6.6
  Downloaded winnow v0.7.14
  Downloaded syn v2.0.114
  Downloaded rustls v0.23.36
  Downloaded pkcs8 v0.10.2
  Downloaded zerovec v0.11.5
  Downloaded zip v6.0.0
  Downloaded webpki-roots v1.0.5
  Downloaded vcpkg v0.2.15
  Downloaded quinn-udp v0.5.14
  Downloaded hyper-rustls v0.27.7
  Downloaded iana-time-zone v0.1.64
  Downloaded pin-project-lite v0.2.16
  Downloaded parking_lot v0.12.5
  Downloaded litemap v0.8.1
  Downloaded pkcs1 v0.7.5
  Downloaded once_cell v1.21.3
  Downloaded urlencoding v2.1.3
  Downloaded zerocopy v0.8.32
  Downloaded regex-automata v0.4.13
  Downloaded time v0.3.44
  Downloaded tracing v0.1.44
  Downloaded libz-rs-sys v0.5.5
  Downloaded regex-syntax v0.8.8
  Downloaded serde_urlencoded v0.7.1
  Downloaded serde_path_to_error v0.1.20
  Downloaded csv v1.4.0
  Downloaded rust-embed v8.9.0
  Downloaded rust_xlsxwriter v0.92.3
  Downloaded yoke-derive v0.8.1
  Downloaded httparse v1.10.1
  Downloaded tokio v1.49.0
  Downloaded tokio-macros v2.6.0
  Downloaded tinystr v0.8.2
  Downloaded jsonwebtoken v9.3.1
  Downloaded time-macros v0.2.24
  Downloaded thiserror-impl v2.0.17
  Downloaded thiserror v1.0.69
  Downloaded encoding_rs v0.8.35
  Downloaded ring v0.17.14
  Downloaded parking_lot_core v0.9.12
  Downloaded icu_properties v2.1.2
  Downloaded icu_provider v2.1.1
  Downloaded utoipa-swagger-ui v6.0.0
  Downloaded log v0.4.29
  Downloaded num-traits v0.2.19
  Downloaded thiserror v2.0.17
  Downloaded zerovec-derive v0.11.2
  Downloaded sharded-slab v0.1.7
  Downloaded tracing-log v0.2.0
  Downloaded tokio-stream v0.1.18
  Downloaded icu_normalizer_data v2.1.1
  Downloaded proc-macro2 v1.0.105
  Downloaded icu_locale_core v2.1.1
  Downloaded icu_normalizer v2.1.1
  Downloaded tinyvec v1.10.0
  Downloaded quinn v0.11.9
  Downloaded icu_collections v2.1.1
  Downloaded miniz_oxide v0.8.9
  Downloaded tokio-cron-scheduler v0.11.1
  Downloaded uuid v1.19.0
  Downloaded typenum v1.19.0
  Downloaded mio v1.1.1
  Downloaded memchr v2.7.6
  Downloaded openssl-sys v0.9.111
  Downloaded rand v0.9.2
  Downloaded num-bigint v0.4.6
  Downloaded rand v0.8.5
  Downloaded indexmap v2.12.1
  Downloaded minimal-lexical v0.2.1
  Downloaded hyper-util v0.1.19
  Downloaded sqlx-core v0.8.6
  Downloaded num-bigint-dig v0.8.6
  Downloaded nom v7.1.3
  Downloaded idna v1.1.0
  Downloaded nom v8.0.0
  Downloaded hyper v1.8.1
  Downloaded iri-string v0.7.10
  Downloaded icu_properties_data v2.1.2
  Downloaded owned_ttf_parser v0.19.0
  Downloaded libm v0.2.15
  Downloaded lettre v0.11.19
  Downloaded pom v3.4.0
  Downloaded quick-xml v0.31.0
  Downloaded sqlx v0.8.6
  Downloaded quinn-proto v0.11.13
  Downloaded zlib-rs v0.5.5
  Downloaded openssl v0.10.75
  Downloaded idna v0.4.0
  Downloaded object v0.32.2
  Downloaded libc v0.2.179
  Downloaded printpdf v0.7.0
  Downloaded libsqlite3-sys v0.30.1
  Downloaded lopdf v0.31.0
    Checking erp-backend v0.1.0 (/app)
error: `SQLX_OFFLINE=true` but there is no cached data
 for this query, run `cargo sqlx prepare` to update th
e query cache or unset `SQLX_OFFLINE`
   --> src/services/euthanasia.rs:330:9
    |
330 | /         sqlx::query!(
331 | |             r#"
332 | |             UPDATE euthanasia_orders
333 | |             SET status = $1::euthanasia_order_
status, updated_at = NOW()
...   |
337 | |             appeal.order_id
338 | |         )
    | |_________^
    |
    = note: this error originates in the macro `$crate
::sqlx_macros::expand_query` which comes from the expa
nsion of the macro `sqlx::query` (in Nightly builds, r
un with -Z macro-backtrace for more info)

error: `SQLX_OFFLINE=true` but there is no cached data
 for this query, run `cargo sqlx prepare` to update th
e query cache or unset `SQLX_OFFLINE`
   --> src/services/amendment.rs:189:25
    |
189 |           let amendment = sqlx::query_as!(
    |  _________________________^
190 | |             Amendment,
191 | |             r#"
192 | |             UPDATE amendments
...   |
210 | |             submitted_by,
211 | |         )
    | |_________^
    |
    = note: this error originates in the macro `$crate
::sqlx_macros::expand_query` which comes from the expa
nsion of the macro `sqlx::query_as` (in Nightly builds
, run with -Z macro-backtrace for more info)

error: `SQLX_OFFLINE=true` but there is no cached data
 for this query, run `cargo sqlx prepare` to update th
e query cache or unset `SQLX_OFFLINE`
   --> src/services/amendment.rs:264:25
    |
264 |           let amendment = sqlx::query_as!(
    |  _________________________^
265 | |             Amendment,
266 | |             r#"
267 | |             UPDATE amendments
...   |
289 | |             req.remark,
290 | |         )
    | |_________^
    |
    = note: this error originates in the macro `$crate
::sqlx_macros::expand_query` which comes from the expa
nsion of the macro `sqlx::query_as` (in Nightly builds
, run with -Z macro-backtrace for more info)

error: `SQLX_OFFLINE=true` but there is no cached data
 for this query, run `cargo sqlx prepare` to update th
e query cache or unset `SQLX_OFFLINE`
   --> src/services/amendment.rs:534:25
    |
534 |           let amendment = sqlx::query_as!(
    |  _________________________^
535 | |             Amendment,
536 | |             r#"
537 | |             UPDATE amendments
...   |
550 | |             req.to_status.as_str(),
551 | |         )
    | |_________^
    |
    = note: this error originates in the macro `$crate
::sqlx_macros::expand_query` which comes from the expa
nsion of the macro `sqlx::query_as` (in Nightly builds
, run with -Z macro-backtrace for more info)

error: `SQLX_OFFLINE=true` but there is no cached data
 for this query, run `cargo sqlx prepare` to update th
e query cache or unset `SQLX_OFFLINE`
   --> src/services/amendment.rs:577:9
    |
577 | /         sqlx::query!(
578 | |             r#"
579 | |             INSERT INTO amendment_status_histo
ry 
580 | |                 (id, amendment_id, from_status
, to_status, changed_by, remark)
...   |
588 | |             remark,
589 | |         )
    | |_________^
    |
    = note: this error originates in the macro `$crate
::sqlx_macros::expand_query` which comes from the expa
nsion of the macro `sqlx::query` (in Nightly builds, r
un with -Z macro-backtrace for more info)

warning: unused import: `euthanasia::*`
  --> src/handlers/mod.rs:44:9
   |
44 | pub use euthanasia::*;
   |         ^^^^^^^^^^^^^
   |
   = note: `#[warn(unused_imports)]` (part of `#[warn(
unused)]`) on by default

warning: unused import: `amendment::*`
  --> src/handlers/mod.rs:45:9
   |
45 | pub use amendment::*;
   |         ^^^^^^^^^^^^

warning: unused import: `EuthanasiaAppealResponse`
 --> src/services/euthanasia.rs:9:27
  |
9 |         EuthanasiaAppeal, EuthanasiaAppealResponse
, EuthanasiaOrder, EuthanasiaOrderResponse,
  |                           ^^^^^^^^^^^^^^^^^^^^^^^^

warning: unused import: `chrono::Utc`
 --> src/services/amendment.rs:1:5
  |
1 | use chrono::Utc;
  |     ^^^^^^^^^^^

warning: unused imports: `PartitionResult` and `Partit
ionStatus`
  --> src/services/mod.rs:59:58
   |
59 | pub use partition_maintenance::{PartitionMaintena
nceJob, PartitionResult, PartitionStatus};
   |                                                  
        ^^^^^^^^^^^^^^^  ^^^^^^^^^^^^^^^

error[E0599]: no method named `ok_or_else` found for s
truct `Uuid` in the current scope
  --> src/services/euthanasia.rs:38:41
   |
38 |         let pi_user_id = pig.pi_user_id.ok_or_els
e(|| {
   |                          ---------------^^^^^^^^^
^ method not found in `Uuid`

For more information about this error, try `rustc --ex
plain E0599`.
warning: `erp-backend` (bin "erp-backend") generated 5
 warnings
error: could not compile `erp-backend` (bin "erp-backe
nd") due to 6 previous errors; 5 warnings emitted
