cargo :    Compiling erp-backend v0.1.0 (D:\Coding\
ipig_system\backend)
位於 線路:1 字元:1
+ cargo test --package erp-backend --lib -- service
s::partner_hard_dele ...
+ ~~~~~~~~~~~~~~~~~~~~~~~~~~~~~~~~~~~~~~~~~~~~~~~~~
~~~~~~~~~~~~~~~~~~~~
    + CategoryInfo          : NotSpecified: (   Co 
   mpiling er...system\backend):String) [], Remot  
  eException
    + FullyQualifiedErrorId : NativeCommandError
 
warning: unused import: `uuid::Uuid`
 --> src\services\partner_hard_delete_test.rs:2:5
  |
2 | use uuid::Uuid;
  |     ^^^^^^^^^^
  |
  = note: `#[warn(unused_imports)]` (part of `#[war
n(unused)]`) on by default

warning: `erp-backend` (lib test) generated 1 warni
ng (run `cargo fix --lib -p erp-backend --tests` to
 apply 1 suggestion)
    Finished `test` profile [unoptimized + debuginf
o] target(s) in 57.00s
     Running unittests src\lib.rs (target\debug\dep
s\erp_backend-5123313b7d22f552.exe)

running 1 test
test services::partner_hard_delete_test::test_admin_hard_delete_partner ... ok

test result: ok. 1 passed; 0 failed; 0 ignored; 0 measured; 219 filtered out; finished in 2.18s

