
[Auth] Logging in all users...
  - IACUC_STAFF logged in.
  - REVIEWER1 logged in.
  - REVIEWER2 logged in.
  - REVIEWER3 logged in.
  - IACUC_CHAIR logged in.
  - PI logged in.
  - VET logged in.
  - REV_OTHER logged in.

[Step 1] PI Creating Protocol...
  - Submitting...
  - Protocol created and submitted.

[Step 2] Staff Pre-review...
  - Comment added and revision required.

[Step 3] PI Replying...

[API ERROR] POST http://localhost:8000/api/protocols/7a9690d3-2be2-49c5-99cf-b50566b673a6/submit
Status: 422
Response: {
  "error": {
    "code": 422,
    "message": "Cannot submit protocol in PRE_REVIEW_REVISION_REQUIRED status"
  }
}

[CRITICAL 422] Validation Failed for payload! See above response.

[CRITICAL ERROR] Flow failed: 422 Client Error: Unprocessable Entity for url: http://localhost:8000/api/protocols/7a9690d3-2be2-49c5-99cf-b50566b673a6/submit
